// Jest Snapshot v1, https://goo.gl/fbAQLP

exports[`Main should render a snapshot 1`] = `<div />`;
